\BOOKMARK [1][-]{section.1}{\376\377\000I\000n\000t\000r\000o\000d\000u\000c\000t\000i\000o\000n}{}% 1
\BOOKMARK [1][-]{section.2}{\376\377\000R\000e\000l\000a\000t\000e\000d\000\040\000W\000o\000r\000k}{}% 2
\BOOKMARK [1][-]{section.3}{\376\377\000M\000e\000t\000h\000o\000d}{}% 3
\BOOKMARK [2][-]{subsection.3.1}{\376\377\000D\000a\000t\000a}{section.3}% 4
\BOOKMARK [2][-]{subsection.3.2}{\376\377\000M\000a\000n\000t\000e\000l\000-\000H\000a\000e\000n\000s\000z\000e\000l\000\040\000D\000I\000F\000\040\000a\000n\000d\000\040\000E\000T\000S\000\040\000C\000l\000a\000s\000s\000i\000f\000i\000c\000a\000t\000i\000o\000n}{section.3}% 5
\BOOKMARK [2][-]{subsection.3.3}{\376\377\000C\000o\000h\000o\000r\000t\000\040\000D\000e\000s\000i\000g\000n\000s}{section.3}% 6
\BOOKMARK [2][-]{subsection.3.4}{\376\377\000S\000e\000m\000i\000-\000S\000y\000n\000t\000h\000e\000t\000i\000c\000\040\000I\000n\000j\000e\000c\000t\000i\000o\000n\000\040\000F\000r\000a\000m\000e\000w\000o\000r\000k}{section.3}% 7
\BOOKMARK [1][-]{section.4}{\376\377\000E\000x\000p\000e\000r\000i\000m\000e\000n\000t\000s}{}% 8
\BOOKMARK [2][-]{subsection.4.1}{\376\377\000V\000a\000l\000i\000d\000a\000t\000i\000o\000n\000:\000\040\000D\000I\000F\000\040\000D\000e\000t\000e\000c\000t\000i\000o\000n\000\040\000P\000o\000w\000e\000r}{section.4}% 9
\BOOKMARK [2][-]{subsection.4.2}{\376\377\000T\000e\000m\000p\000o\000r\000a\000l\000\040\000C\000o\000m\000p\000a\000r\000a\000b\000i\000l\000i\000t\000y\000:\000\040\0003\0001\000\045\000\040\000M\000e\000a\000s\000u\000r\000e\000m\000e\000n\000t\000\040\000I\000n\000s\000t\000a\000b\000i\000l\000i\000t\000y}{section.4}% 10
\BOOKMARK [2][-]{subsection.4.3}{\376\377\000G\000r\000o\000u\000n\000d\000\040\000T\000r\000u\000t\000h\000\040\000M\000i\000s\000m\000a\000t\000c\000h}{section.4}% 11
\BOOKMARK [2][-]{subsection.4.4}{\376\377\000S\000t\000r\000u\000c\000t\000u\000r\000a\000l\000\040\000A\000n\000a\000l\000y\000s\000i\000s}{section.4}% 12
\BOOKMARK [2][-]{subsection.4.5}{\376\377\000S\000e\000m\000i\000-\000S\000y\000n\000t\000h\000e\000t\000i\000c\000\040\000F\000r\000a\000m\000e\000w\000o\000r\000k\000\040\000V\000a\000l\000i\000d\000a\000t\000i\000o\000n}{section.4}% 13
\BOOKMARK [2][-]{subsection.4.6}{\376\377\000D\000o\000w\000n\000s\000t\000r\000e\000a\000m\000\040\000I\000m\000p\000a\000c\000t}{section.4}% 14
\BOOKMARK [2][-]{subsection.4.7}{\376\377\000C\000r\000o\000s\000s\000-\000B\000e\000n\000c\000h\000m\000a\000r\000k\000\040\000V\000a\000l\000i\000d\000a\000t\000i\000o\000n}{section.4}% 15
\BOOKMARK [1][-]{section.5}{\376\377\000D\000i\000s\000c\000u\000s\000s\000i\000o\000n}{}% 16
\BOOKMARK [2][-]{subsection.5.1}{\376\377\000I\000m\000p\000l\000i\000c\000a\000t\000i\000o\000n\000s\000\040\000f\000o\000r\000\040\000B\000e\000n\000c\000h\000m\000a\000r\000k\000\040\000T\000e\000m\000p\000o\000r\000a\000l\000\040\000C\000o\000m\000p\000a\000r\000a\000b\000i\000l\000i\000t\000y}{section.5}% 17
\BOOKMARK [2][-]{subsection.5.2}{\376\377\000R\000e\000c\000o\000m\000m\000e\000n\000d\000e\000d\000\040\000D\000I\000F\000\040\000A\000u\000d\000i\000t\000\040\000P\000r\000o\000t\000o\000c\000o\000l}{section.5}% 18
\BOOKMARK [1][-]{section.6}{\376\377\000C\000o\000n\000c\000l\000u\000s\000i\000o\000n}{}% 19
\BOOKMARK [1][-]{appendix.A}{\376\377\000M\000e\000t\000h\000o\000d\000\040\000D\000e\000t\000a\000i\000l\000s}{}% 20
\BOOKMARK [2][-]{subsection.A.1}{\376\377\000D\000i\000a\000g\000n\000o\000s\000t\000i\000c\000s}{appendix.A}% 21
\BOOKMARK [2][-]{subsection.A.2}{\376\377\000S\000t\000a\000t\000i\000s\000t\000i\000c\000a\000l\000\040\000C\000o\000n\000s\000i\000d\000e\000r\000a\000t\000i\000o\000n\000s}{appendix.A}% 22
\BOOKMARK [1][-]{appendix.B}{\376\377\000S\000t\000r\000u\000c\000t\000u\000r\000a\000l\000\040\000A\000n\000a\000l\000y\000s\000i\000s\000\040\000D\000e\000t\000a\000i\000l\000s}{}% 23
\BOOKMARK [1][-]{appendix.C}{\376\377\000D\000e\000s\000i\000g\000n\000\040\000E\000f\000f\000e\000c\000t\000\040\000E\000s\000t\000i\000m\000a\000t\000i\000o\000n}{}% 24
\BOOKMARK [1][-]{appendix.D}{\376\377\000U\000n\000c\000e\000r\000t\000a\000i\000n\000t\000y\000\040\000Q\000u\000a\000n\000t\000i\000f\000i\000c\000a\000t\000i\000o\000n\000\040\000C\000o\000m\000p\000a\000r\000i\000s\000o\000n}{}% 25
\BOOKMARK [1][-]{appendix.E}{\376\377\000C\000r\000o\000s\000s\000-\000B\000e\000n\000c\000h\000m\000a\000r\000k\000\040\000C\000o\000m\000p\000a\000r\000i\000s\000o\000n}{}% 26
\BOOKMARK [1][-]{appendix.F}{\376\377\000A\000d\000d\000i\000t\000i\000o\000n\000a\000l\000\040\000F\000i\000g\000u\000r\000e\000s}{}% 27
\BOOKMARK [1][-]{appendix.G}{\376\377\000I\000t\000e\000m\000-\000P\000r\000o\000p\000e\000r\000t\000y\000\040\000P\000r\000e\000d\000i\000c\000t\000i\000v\000e\000\040\000A\000n\000a\000l\000y\000s\000i\000s}{}% 28
